<html>
<body>
<pre>
<h1>µVision Build Log</h1>
<h2>Tool Versions:</h2>
IDE-Version: ¶ÃVision V5.27.1.0
Copyright (C) 2019 ARM Ltd and ARM Germany GmbH. All rights reserved.
License Information: 1 1, 1, LIC=NHYHL-05X0Z-PHQ89-42S11-ZKPDG-BKB7F
 
Tool Versions:
Toolchain:       MDK-ARM Professional  Version: 5.27.1.0
Toolchain Path:  C:\Keil_v5\ARM\ARMCC\Bin
C Compiler:      Armcc.exe V5.06 update 6 (build 750)
Assembler:       Armasm.exe V5.06 update 6 (build 750)
Linker/Locator:  ArmLink.exe V5.06 update 6 (build 750)
Library Manager: ArmAr.exe V5.06 update 6 (build 750)
Hex Converter:   FromElf.exe V5.06 update 6 (build 750)
CPU DLL:         SARMCM3.DLL V5.27.1.0
Dialog DLL:      DCM.DLL V1.17.2.0
Target DLL:      Segger\JL2CM3.dll V2.99.35.0
Dialog DLL:      TCM.DLL V1.36.1.0
 
<h2>Project:</h2>
E:\MyCompanyDocument\1_RongJieYang\»‹Ω‚—ıCode\»‹Ω‚—ıCODE_V0.3\MDK-ARM\YS-F1Pro.uvprojx
Project File Date:  11/26/2019

<h2>Output:</h2>
*** Using Compiler 'V5.06 update 6 (build 750)', folder: 'C:\Keil_v5\ARM\ARMCC\Bin'
Build target 'YS-F1Pro'
compiling main.c...
../Src/main.c(84): warning:  #177-D: variable "i"  was declared but never referenced
  	uint16_t i=0,j=0;
../Src/main.c(84): warning:  #177-D: variable "j"  was declared but never referenced
  	uint16_t i=0,j=0;
../Src/main.c(85): warning:  #177-D: variable "Temp"  was declared but never referenced
  	int Temp=0;//,adc1,adc2
../Src/main.c(86): warning:  #177-D: variable "key"  was declared but never referenced
   	u8 key,t=0;
../Src/main.c(86): warning:  #177-D: variable "t"  was declared but never referenced
   	u8 key,t=0;
../Src/main.c(87): warning:  #177-D: variable "time"  was declared but never referenced
  	float time; 
../Src/main.c(88): warning:  #177-D: variable "buf"  was declared but never referenced
  	u8 buf[50]; 
../Src/main.c: 7 warnings, 0 errors
linking...
Program Size: Code=11392 RO-data=420 RW-data=16 ZI-data=4480  
FromELF: creating hex file...
"YS-F1Pro\YS-F1Pro.axf" - 0 Error(s), 7 Warning(s).

<h2>Software Packages used:</h2>

Package Vendor: Keil
                http://www.keil.com/pack/Keil.STM32F1xx_DFP.2.3.0.pack
                Keil.STM32F1xx_DFP.2.3.0
                STMicroelectronics STM32F1 Series Device Support, Drivers and Examples

<h2>Collection of Component include folders:</h2>
  .\RTE\_YS-F1Pro
  C:\Users\Admin\AppData\Local\Arm\Packs\Keil\STM32F1xx_DFP\2.3.0\Device\Include

<h2>Collection of Component Files used:</h2>
Build Time Elapsed:  00:00:03
</pre>
</body>
</html>
